=== System Information ===
Date: Fri Jul 18 01:13:35 +0530 2025
Hostname: DESKTOP-211R5F3
OS: Ubuntu 22.04.5 LTS
Kernel: 6.6.87.2-microsoft-standard-WSL2
CPU: Intel(R) Core(TM) i7-1065G7 CPU @ 1.30GHz
CPU Cores: 8
Memory: 7.6Gi
GPU: NVIDIA GeForce MX230
GPU Memory: 4096 MB
CUDA Version: 12.9
OpenMP Max Threads: 8
=== Benchmark Configuration ===
N Values: 100 200 500 1000 1500 2000
M Values: 500 1000 1500 2000 2500 3000
Implementations: serial openmp cuda hybrid
OpenMP/Hybrid Thread Counts to Test: 1 2 4 8 12 16 24
Iterations per test: 3

=== serial (N=100, M=500, Threads=1, iter=1) ===
Executing Serial Version
Matrix Size: N=100, M=500
--- Input Matrix (Snippet) ---
  0.1784   0.3997   0.1666   0.2121   0.0619   0.0541   0.2757   0.0478 
  0.7832   0.1713   0.3731   0.1762   0.4492   0.9714   0.9770   0.4063 
  0.8579   0.2793   0.3497   0.6058   0.0737   0.1928   0.5753   0.2738 
  0.5231   0.4570   0.4980   0.9980   0.9538   0.4599   0.6245   0.8193 
  0.2355   0.3513   0.2187   0.2880   0.0186   0.3609   0.1549   0.3504 
  0.2459   0.4850   0.0104   0.8695   0.6495   0.6553   0.0003   0.2781 
  0.6835   0.2185   0.1961   0.0248   0.6727   0.5442   0.9639   0.2818 
  0.7949   0.9540   0.3739   0.6583   0.6555   0.8941   0.8713   0.9372 
---------------------------------------

--- Output Correlation Matrix (Snippet) ---
  1.0000   0.0256   0.0236  -0.0521   0.0384   0.0583   0.0019  -0.0393 
  0.0256   1.0000  -0.0126  -0.0000   0.0707   0.0208   0.0440  -0.0621 
  0.0236  -0.0126   1.0000  -0.0210  -0.0033   0.0142  -0.0386   0.0410 
 -0.0521  -0.0000  -0.0210   1.0000   0.0182   0.0262  -0.0804  -0.0467 
  0.0384   0.0707  -0.0033   0.0182   1.0000   0.0061  -0.0249  -0.0272 
  0.0583   0.0208   0.0142   0.0262   0.0061   1.0000  -0.1227   0.0816 
  0.0019   0.0440  -0.0386  -0.0804  -0.0249  -0.1227   1.0000   0.0038 
 -0.0393  -0.0621   0.0410  -0.0467  -0.0272   0.0816   0.0038   1.0000 
---------------------------------------

Execution Time: 0.003294 seconds

═══════════════════════════════════════════════════════════════
                    ACCURACY VERIFICATION
═══════════════════════════════════════════════════════════════
Implementation: serial
Matrix Size: 100 × 100
RMSE vs Serial: 1.11e-01
Accuracy: POOR (RMSE ≥ 1e-3)
═══════════════════════════════════════════════════════════════
Exit code: 0
Extracted time: 0.003294

=== serial (N=100, M=500, Threads=1, iter=2) ===
Executing Serial Version
Matrix Size: N=100, M=500
--- Input Matrix (Snippet) ---
  0.1784   0.3997   0.1666   0.2121   0.0619   0.0541   0.2757   0.0478 
  0.7832   0.1713   0.3731   0.1762   0.4492   0.9714   0.9770   0.4063 
  0.8579   0.2793   0.3497   0.6058   0.0737   0.1928   0.5753   0.2738 
  0.5231   0.4570   0.4980   0.9980   0.9538   0.4599   0.6245   0.8193 
  0.2355   0.3513   0.2187   0.2880   0.0186   0.3609   0.1549   0.3504 
  0.2459   0.4850   0.0104   0.8695   0.6495   0.6553   0.0003   0.2781 
  0.6835   0.2185   0.1961   0.0248   0.6727   0.5442   0.9639   0.2818 
  0.7949   0.9540   0.3739   0.6583   0.6555   0.8941   0.8713   0.9372 
---------------------------------------

--- Output Correlation Matrix (Snippet) ---
  1.0000   0.0256   0.0236  -0.0521   0.0384   0.0583   0.0019  -0.0393 
  0.0256   1.0000  -0.0126  -0.0000   0.0707   0.0208   0.0440  -0.0621 
  0.0236  -0.0126   1.0000  -0.0210  -0.0033   0.0142  -0.0386   0.0410 
 -0.0521  -0.0000  -0.0210   1.0000   0.0182   0.0262  -0.0804  -0.0467 
  0.0384   0.0707  -0.0033   0.0182   1.0000   0.0061  -0.0249  -0.0272 
  0.0583   0.0208   0.0142   0.0262   0.0061   1.0000  -0.1227   0.0816 
  0.0019   0.0440  -0.0386  -0.0804  -0.0249  -0.1227   1.0000   0.0038 
 -0.0393  -0.0621   0.0410  -0.0467  -0.0272   0.0816   0.0038   1.0000 
---------------------------------------

Execution Time: 0.003982 seconds

═══════════════════════════════════════════════════════════════
                    ACCURACY VERIFICATION
═══════════════════════════════════════════════════════════════
Implementation: serial
Matrix Size: 100 × 100
RMSE vs Serial: 1.11e-01
Accuracy: POOR (RMSE ≥ 1e-3)
═══════════════════════════════════════════════════════════════
Exit code: 0
Extracted time: 0.003982

=== serial (N=100, M=500, Threads=1, iter=3) ===
Executing Serial Version
Matrix Size: N=100, M=500
--- Input Matrix (Snippet) ---
  0.1784   0.3997   0.1666   0.2121   0.0619   0.0541   0.2757   0.0478 
  0.7832   0.1713   0.3731   0.1762   0.4492   0.9714   0.9770   0.4063 
  0.8579   0.2793   0.3497   0.6058   0.0737   0.1928   0.5753   0.2738 
  0.5231   0.4570   0.4980   0.9980   0.9538   0.4599   0.6245   0.8193 
  0.2355   0.3513   0.2187   0.2880   0.0186   0.3609   0.1549   0.3504 
  0.2459   0.4850   0.0104   0.8695   0.6495   0.6553   0.0003   0.2781 
  0.6835   0.2185   0.1961   0.0248   0.6727   0.5442   0.9639   0.2818 
  0.7949   0.9540   0.3739   0.6583   0.6555   0.8941   0.8713   0.9372 
---------------------------------------

--- Output Correlation Matrix (Snippet) ---
  1.0000   0.0256   0.0236  -0.0521   0.0384   0.0583   0.0019  -0.0393 
  0.0256   1.0000  -0.0126  -0.0000   0.0707   0.0208   0.0440  -0.0621 
  0.0236  -0.0126   1.0000  -0.0210  -0.0033   0.0142  -0.0386   0.0410 
 -0.0521  -0.0000  -0.0210   1.0000   0.0182   0.0262  -0.0804  -0.0467 
  0.0384   0.0707  -0.0033   0.0182   1.0000   0.0061  -0.0249  -0.0272 
  0.0583   0.0208   0.0142   0.0262   0.0061   1.0000  -0.1227   0.0816 
  0.0019   0.0440  -0.0386  -0.0804  -0.0249  -0.1227   1.0000   0.0038 
 -0.0393  -0.0621   0.0410  -0.0467  -0.0272   0.0816   0.0038   1.0000 
---------------------------------------

Execution Time: 0.002965 seconds

═══════════════════════════════════════════════════════════════
                    ACCURACY VERIFICATION
═══════════════════════════════════════════════════════════════
Implementation: serial
Matrix Size: 100 × 100
RMSE vs Serial: 1.11e-01
Accuracy: POOR (RMSE ≥ 1e-3)
═══════════════════════════════════════════════════════════════
Exit code: 0
Extracted time: 0.002965

=== serial (N=100, M=1000, Threads=1, iter=1) ===
Executing Serial Version
Matrix Size: N=100, M=1000
--- Input Matrix (Snippet) ---
  0.1784   0.3997   0.1666   0.2121   0.0619   0.0541   0.2757   0.0478 
  0.8579   0.2793   0.3497   0.6058   0.0737   0.1928   0.5753   0.2738 
  0.2355   0.3513   0.2187   0.2880   0.0186   0.3609   0.1549   0.3504 
  0.6835   0.2185   0.1961   0.0248   0.6727   0.5442   0.9639   0.2818 
  0.7361   0.6262   0.2348   0.0727   0.7465   0.0340   0.4242   0.2949 
  0.9063   0.4440   0.7253   0.1379   0.7956   0.9051   0.0964   0.8206 
  0.1672   0.1685   0.5519   0.6728   0.6104   0.7387   0.7906   0.5769 
  0.3751   0.2483   0.8508   0.0803   0.3567   0.4930   0.2261   0.4608 
---------------------------------------

--- Output Correlation Matrix (Snippet) ---
  1.0000   0.0109   0.0293  -0.0304   0.0102   0.0139   0.0044  -0.0106 
  0.0109   1.0000   0.0119  -0.0427  -0.0041  -0.0632  -0.0605  -0.0605 
  0.0293   0.0119   1.0000   0.0276   0.0204   0.0119   0.0083   0.0077 
 -0.0304  -0.0427   0.0276   1.0000   0.0269   0.0239   0.0206   0.0100 
  0.0102  -0.0041   0.0204   0.0269   1.0000   0.0015  -0.0140  -0.0381 
  0.0139  -0.0632   0.0119   0.0239   0.0015   1.0000  -0.0124   0.0481 
  0.0044  -0.0605   0.0083   0.0206  -0.0140  -0.0124   1.0000   0.0370 
 -0.0106  -0.0605   0.0077   0.0100  -0.0381   0.0481   0.0370   1.0000 
---------------------------------------

Execution Time: 0.006016 seconds

═══════════════════════════════════════════════════════════════
                    ACCURACY VERIFICATION
═══════════════════════════════════════════════════════════════
Implementation: serial
Matrix Size: 100 × 100
RMSE vs Serial: 1.07e-01
Accuracy: POOR (RMSE ≥ 1e-3)
═══════════════════════════════════════════════════════════════
Exit code: 0
Extracted time: 0.006016

=== serial (N=100, M=1000, Threads=1, iter=2) ===
Executing Serial Version
Matrix Size: N=100, M=1000
--- Input Matrix (Snippet) ---
  0.1784   0.3997   0.1666   0.2121   0.0619   0.0541   0.2757   0.0478 
  0.8579   0.2793   0.3497   0.6058   0.0737   0.1928   0.5753   0.2738 
  0.2355   0.3513   0.2187   0.2880   0.0186   0.3609   0.1549   0.3504 
  0.6835   0.2185   0.1961   0.0248   0.6727   0.5442   0.9639   0.2818 
  0.7361   0.6262   0.2348   0.0727   0.7465   0.0340   0.4242   0.2949 
  0.9063   0.4440   0.7253   0.1379   0.7956   0.9051   0.0964   0.8206 
  0.1672   0.1685   0.5519   0.6728   0.6104   0.7387   0.7906   0.5769 
  0.3751   0.2483   0.8508   0.0803   0.3567   0.4930   0.2261   0.4608 
---------------------------------------

--- Output Correlation Matrix (Snippet) ---
  1.0000   0.0109   0.0293  -0.0304   0.0102   0.0139   0.0044  -0.0106 
  0.0109   1.0000   0.0119  -0.0427  -0.0041  -0.0632  -0.0605  -0.0605 
  0.0293   0.0119   1.0000   0.0276   0.0204   0.0119   0.0083   0.0077 
 -0.0304  -0.0427   0.0276   1.0000   0.0269   0.0239   0.0206   0.0100 
  0.0102  -0.0041   0.0204   0.0269   1.0000   0.0015  -0.0140  -0.0381 
  0.0139  -0.0632   0.0119   0.0239   0.0015   1.0000  -0.0124   0.0481 
  0.0044  -0.0605   0.0083   0.0206  -0.0140  -0.0124   1.0000   0.0370 
 -0.0106  -0.0605   0.0077   0.0100  -0.0381   0.0481   0.0370   1.0000 
---------------------------------------

Execution Time: 0.006013 seconds

═══════════════════════════════════════════════════════════════
                    ACCURACY VERIFICATION
═══════════════════════════════════════════════════════════════
Implementation: serial
Matrix Size: 100 × 100
RMSE vs Serial: 1.07e-01
Accuracy: POOR (RMSE ≥ 1e-3)
═══════════════════════════════════════════════════════════════
Exit code: 0
Extracted time: 0.006013

=== serial (N=100, M=1000, Threads=1, iter=3) ===
Executing Serial Version
Matrix Size: N=100, M=1000
--- Input Matrix (Snippet) ---
  0.1784   0.3997   0.1666   0.2121   0.0619   0.0541   0.2757   0.0478 
  0.8579   0.2793   0.3497   0.6058   0.0737   0.1928   0.5753   0.2738 
  0.2355   0.3513   0.2187   0.2880   0.0186   0.3609   0.1549   0.3504 
  0.6835   0.2185   0.1961   0.0248   0.6727   0.5442   0.9639   0.2818 
  0.7361   0.6262   0.2348   0.0727   0.7465   0.0340   0.4242   0.2949 
  0.9063   0.4440   0.7253   0.1379   0.7956   0.9051   0.0964   0.8206 
  0.1672   0.1685   0.5519   0.6728   0.6104   0.7387   0.7906   0.5769 
  0.3751   0.2483   0.8508   0.0803   0.3567   0.4930   0.2261   0.4608 
---------------------------------------

--- Output Correlation Matrix (Snippet) ---
  1.0000   0.0109   0.0293  -0.0304   0.0102   0.0139   0.0044  -0.0106 
  0.0109   1.0000   0.0119  -0.0427  -0.0041  -0.0632  -0.0605  -0.0605 
  0.0293   0.0119   1.0000   0.0276   0.0204   0.0119   0.0083   0.0077 
 -0.0304  -0.0427   0.0276   1.0000   0.0269   0.0239   0.0206   0.0100 
  0.0102  -0.0041   0.0204   0.0269   1.0000   0.0015  -0.0140  -0.0381 
  0.0139  -0.0632   0.0119   0.0239   0.0015   1.0000  -0.0124   0.0481 
  0.0044  -0.0605   0.0083   0.0206  -0.0140  -0.0124   1.0000   0.0370 
 -0.0106  -0.0605   0.0077   0.0100  -0.0381   0.0481   0.0370   1.0000 
---------------------------------------

Execution Time: 0.006243 seconds

═══════════════════════════════════════════════════════════════
                    ACCURACY VERIFICATION
═══════════════════════════════════════════════════════════════
Implementation: serial
Matrix Size: 100 × 100
RMSE vs Serial: 1.07e-01
Accuracy: POOR (RMSE ≥ 1e-3)
═══════════════════════════════════════════════════════════════
Exit code: 0
Extracted time: 0.006243

=== serial (N=100, M=1500, Threads=1, iter=1) ===
Executing Serial Version
Matrix Size: N=100, M=1500
--- Input Matrix (Snippet) ---
  0.1784   0.3997   0.1666   0.2121   0.0619   0.0541   0.2757   0.0478 
  0.5231   0.4570   0.4980   0.9980   0.9538   0.4599   0.6245   0.8193 
  0.6835   0.2185   0.1961   0.0248   0.6727   0.5442   0.9639   0.2818 
  0.6730   0.3860   0.7919   0.3859   0.4882   0.1123   0.5655   0.3819 
  0.1672   0.1685   0.5519   0.6728   0.6104   0.7387   0.7906   0.5769 
  0.2896   0.8828   0.9025   0.7990   0.6499   0.1416   0.2104   0.8247 
  0.4815   0.6118   0.5401   0.8225   0.6975   0.4157   0.2738   0.2554 
  0.5062   0.5588   0.9413   0.5000   0.5328   0.1062   0.3400   0.7122 
---------------------------------------

--- Output Correlation Matrix (Snippet) ---
  1.0000   0.0111  -0.0267  -0.0267  -0.0210   0.0113   0.0004   0.0095 
  0.0111   1.0000  -0.0268   0.0110   0.0518  -0.0168   0.0241   0.0123 
 -0.0267  -0.0268   1.0000   0.0289   0.0020  -0.0170  -0.0226  -0.0030 
 -0.0267   0.0110   0.0289   1.0000   0.0178  -0.0459   0.0215  -0.0381 
 -0.0210   0.0518   0.0020   0.0178   1.0000   0.0124  -0.0130  -0.0079 
  0.0113  -0.0168  -0.0170  -0.0459   0.0124   1.0000   0.0043   0.0352 
  0.0004   0.0241  -0.0226   0.0215  -0.0130   0.0043   1.0000  -0.0296 
  0.0095   0.0123  -0.0030  -0.0381  -0.0079   0.0352  -0.0296   1.0000 
---------------------------------------

Execution Time: 0.009779 seconds

═══════════════════════════════════════════════════════════════
                    ACCURACY VERIFICATION
═══════════════════════════════════════════════════════════════
Implementation: serial
Matrix Size: 100 × 100
RMSE vs Serial: 1.06e-01
Accuracy: POOR (RMSE ≥ 1e-3)
═══════════════════════════════════════════════════════════════
Exit code: 0
Extracted time: 0.009779

=== serial (N=100, M=1500, Threads=1, iter=2) ===
Executing Serial Version
Matrix Size: N=100, M=1500
--- Input Matrix (Snippet) ---
  0.1784   0.3997   0.1666   0.2121   0.0619   0.0541   0.2757   0.0478 
  0.5231   0.4570   0.4980   0.9980   0.9538   0.4599   0.6245   0.8193 
  0.6835   0.2185   0.1961   0.0248   0.6727   0.5442   0.9639   0.2818 
  0.6730   0.3860   0.7919   0.3859   0.4882   0.1123   0.5655   0.3819 
  0.1672   0.1685   0.5519   0.6728   0.6104   0.7387   0.7906   0.5769 
  0.2896   0.8828   0.9025   0.7990   0.6499   0.1416   0.2104   0.8247 
  0.4815   0.6118   0.5401   0.8225   0.6975   0.4157   0.2738   0.2554 
  0.5062   0.5588   0.9413   0.5000   0.5328   0.1062   0.3400   0.7122 
---------------------------------------

--- Output Correlation Matrix (Snippet) ---
  1.0000   0.0111  -0.0267  -0.0267  -0.0210   0.0113   0.0004   0.0095 
  0.0111   1.0000  -0.0268   0.0110   0.0518  -0.0168   0.0241   0.0123 
 -0.0267  -0.0268   1.0000   0.0289   0.0020  -0.0170  -0.0226  -0.0030 
 -0.0267   0.0110   0.0289   1.0000   0.0178  -0.0459   0.0215  -0.0381 
 -0.0210   0.0518   0.0020   0.0178   1.0000   0.0124  -0.0130  -0.0079 
  0.0113  -0.0168  -0.0170  -0.0459   0.0124   1.0000   0.0043   0.0352 
  0.0004   0.0241  -0.0226   0.0215  -0.0130   0.0043   1.0000  -0.0296 
  0.0095   0.0123  -0.0030  -0.0381  -0.0079   0.0352  -0.0296   1.0000 
---------------------------------------

Execution Time: 0.010442 seconds

═══════════════════════════════════════════════════════════════
                    ACCURACY VERIFICATION
═══════════════════════════════════════════════════════════════
Implementation: serial
Matrix Size: 100 × 100
RMSE vs Serial: 1.06e-01
Accuracy: POOR (RMSE ≥ 1e-3)
═══════════════════════════════════════════════════════════════
Exit code: 0
Extracted time: 0.010442

=== serial (N=100, M=1500, Threads=1, iter=3) ===
Executing Serial Version
Matrix Size: N=100, M=1500
--- Input Matrix (Snippet) ---
  0.1784   0.3997   0.1666   0.2121   0.0619   0.0541   0.2757   0.0478 
  0.5231   0.4570   0.4980   0.9980   0.9538   0.4599   0.6245   0.8193 
  0.6835   0.2185   0.1961   0.0248   0.6727   0.5442   0.9639   0.2818 
  0.6730   0.3860   0.7919   0.3859   0.4882   0.1123   0.5655   0.3819 
  0.1672   0.1685   0.5519   0.6728   0.6104   0.7387   0.7906   0.5769 
  0.2896   0.8828   0.9025   0.7990   0.6499   0.1416   0.2104   0.8247 
  0.4815   0.6118   0.5401   0.8225   0.6975   0.4157   0.2738   0.2554 
  0.5062   0.5588   0.9413   0.5000   0.5328   0.1062   0.3400   0.7122 
---------------------------------------

--- Output Correlation Matrix (Snippet) ---
  1.0000   0.0111  -0.0267  -0.0267  -0.0210   0.0113   0.0004   0.0095 
  0.0111   1.0000  -0.0268   0.0110   0.0518  -0.0168   0.0241   0.0123 
 -0.0267  -0.0268   1.0000   0.0289   0.0020  -0.0170  -0.0226  -0.0030 
 -0.0267   0.0110   0.0289   1.0000   0.0178  -0.0459   0.0215  -0.0381 
 -0.0210   0.0518   0.0020   0.0178   1.0000   0.0124  -0.0130  -0.0079 
  0.0113  -0.0168  -0.0170  -0.0459   0.0124   1.0000   0.0043   0.0352 
  0.0004   0.0241  -0.0226   0.0215  -0.0130   0.0043   1.0000  -0.0296 
  0.0095   0.0123  -0.0030  -0.0381  -0.0079   0.0352  -0.0296   1.0000 
---------------------------------------

Execution Time: 0.009905 seconds

═══════════════════════════════════════════════════════════════
                    ACCURACY VERIFICATION
═══════════════════════════════════════════════════════════════
Implementation: serial
Matrix Size: 100 × 100
RMSE vs Serial: 1.06e-01
Accuracy: POOR (RMSE ≥ 1e-3)
═══════════════════════════════════════════════════════════════
Exit code: 0
Extracted time: 0.009905

=== serial (N=100, M=2000, Threads=1, iter=1) ===
Executing Serial Version
Matrix Size: N=100, M=2000
--- Input Matrix (Snippet) ---
  0.1784   0.3997   0.1666   0.2121   0.0619   0.0541   0.2757   0.0478 
  0.2355   0.3513   0.2187   0.2880   0.0186   0.3609   0.1549   0.3504 
  0.7361   0.6262   0.2348   0.0727   0.7465   0.0340   0.4242   0.2949 
  0.1672   0.1685   0.5519   0.6728   0.6104   0.7387   0.7906   0.5769 
  0.9290   0.7971   0.1292   0.8444   0.4470   0.9848   0.7467   0.6753 
  0.6577   0.0369   0.3331   0.8758   0.2217   0.6708   0.6280   0.0000 
  0.9311   0.2895   0.4608   0.4579   0.4643   0.0754   0.2606   0.6549 
  0.2649   0.2373   0.6548   0.4642   0.2228   0.6153   0.1826   0.9288 
---------------------------------------

--- Output Correlation Matrix (Snippet) ---
  1.0000  -0.0069  -0.0270  -0.0283   0.0410  -0.0121  -0.0445  -0.0154 
 -0.0069   1.0000   0.0227   0.0096  -0.0277  -0.0158   0.0245   0.0515 
 -0.0270   0.0227   1.0000   0.0181  -0.0084  -0.0181   0.0164   0.0039 
 -0.0283   0.0096   0.0181   1.0000  -0.0407   0.0316   0.0226   0.0055 
  0.0410  -0.0277  -0.0084  -0.0407   1.0000  -0.0453   0.0127  -0.0128 
 -0.0121  -0.0158  -0.0181   0.0316  -0.0453   1.0000  -0.0070  -0.0285 
 -0.0445   0.0245   0.0164   0.0226   0.0127  -0.0070   1.0000   0.0225 
 -0.0154   0.0515   0.0039   0.0055  -0.0128  -0.0285   0.0225   1.0000 
---------------------------------------

Execution Time: 0.013177 seconds

═══════════════════════════════════════════════════════════════
                    ACCURACY VERIFICATION
═══════════════════════════════════════════════════════════════
Implementation: serial
Matrix Size: 100 × 100
RMSE vs Serial: 1.05e-01
Accuracy: POOR (RMSE ≥ 1e-3)
═══════════════════════════════════════════════════════════════
Exit code: 0
Extracted time: 0.013177

=== serial (N=100, M=2000, Threads=1, iter=2) ===
Executing Serial Version
Matrix Size: N=100, M=2000
--- Input Matrix (Snippet) ---
  0.1784   0.3997   0.1666   0.2121   0.0619   0.0541   0.2757   0.0478 
  0.2355   0.3513   0.2187   0.2880   0.0186   0.3609   0.1549   0.3504 
  0.7361   0.6262   0.2348   0.0727   0.7465   0.0340   0.4242   0.2949 
  0.1672   0.1685   0.5519   0.6728   0.6104   0.7387   0.7906   0.5769 
  0.9290   0.7971   0.1292   0.8444   0.4470   0.9848   0.7467   0.6753 
  0.6577   0.0369   0.3331   0.8758   0.2217   0.6708   0.6280   0.0000 
  0.9311   0.2895   0.4608   0.4579   0.4643   0.0754   0.2606   0.6549 
  0.2649   0.2373   0.6548   0.4642   0.2228   0.6153   0.1826   0.9288 
---------------------------------------

--- Output Correlation Matrix (Snippet) ---
  1.0000  -0.0069  -0.0270  -0.0283   0.0410  -0.0121  -0.0445  -0.0154 
 -0.0069   1.0000   0.0227   0.0096  -0.0277  -0.0158   0.0245   0.0515 
 -0.0270   0.0227   1.0000   0.0181  -0.0084  -0.0181   0.0164   0.0039 
 -0.0283   0.0096   0.0181   1.0000  -0.0407   0.0316   0.0226   0.0055 
  0.0410  -0.0277  -0.0084  -0.0407   1.0000  -0.0453   0.0127  -0.0128 
 -0.0121  -0.0158  -0.0181   0.0316  -0.0453   1.0000  -0.0070  -0.0285 
 -0.0445   0.0245   0.0164   0.0226   0.0127  -0.0070   1.0000   0.0225 
 -0.0154   0.0515   0.0039   0.0055  -0.0128  -0.0285   0.0225   1.0000 
---------------------------------------

Execution Time: 0.013072 seconds

═══════════════════════════════════════════════════════════════
                    ACCURACY VERIFICATION
═══════════════════════════════════════════════════════════════
Implementation: serial
Matrix Size: 100 × 100
RMSE vs Serial: 1.05e-01
Accuracy: POOR (RMSE ≥ 1e-3)
═══════════════════════════════════════════════════════════════
Exit code: 0
Extracted time: 0.013072

=== serial (N=100, M=2000, Threads=1, iter=3) ===
Executing Serial Version
Matrix Size: N=100, M=2000
--- Input Matrix (Snippet) ---
  0.1784   0.3997   0.1666   0.2121   0.0619   0.0541   0.2757   0.0478 
  0.2355   0.3513   0.2187   0.2880   0.0186   0.3609   0.1549   0.3504 
  0.7361   0.6262   0.2348   0.0727   0.7465   0.0340   0.4242   0.2949 
  0.1672   0.1685   0.5519   0.6728   0.6104   0.7387   0.7906   0.5769 
  0.9290   0.7971   0.1292   0.8444   0.4470   0.9848   0.7467   0.6753 
  0.6577   0.0369   0.3331   0.8758   0.2217   0.6708   0.6280   0.0000 
  0.9311   0.2895   0.4608   0.4579   0.4643   0.0754   0.2606   0.6549 
  0.2649   0.2373   0.6548   0.4642   0.2228   0.6153   0.1826   0.9288 
---------------------------------------

--- Output Correlation Matrix (Snippet) ---
  1.0000  -0.0069  -0.0270  -0.0283   0.0410  -0.0121  -0.0445  -0.0154 
 -0.0069   1.0000   0.0227   0.0096  -0.0277  -0.0158   0.0245   0.0515 
 -0.0270   0.0227   1.0000   0.0181  -0.0084  -0.0181   0.0164   0.0039 
 -0.0283   0.0096   0.0181   1.0000  -0.0407   0.0316   0.0226   0.0055 
  0.0410  -0.0277  -0.0084  -0.0407   1.0000  -0.0453   0.0127  -0.0128 
 -0.0121  -0.0158  -0.0181   0.0316  -0.0453   1.0000  -0.0070  -0.0285 
 -0.0445   0.0245   0.0164   0.0226   0.0127  -0.0070   1.0000   0.0225 
 -0.0154   0.0515   0.0039   0.0055  -0.0128  -0.0285   0.0225   1.0000 
---------------------------------------

Execution Time: 0.013602 seconds

═══════════════════════════════════════════════════════════════
                    ACCURACY VERIFICATION
═══════════════════════════════════════════════════════════════
Implementation: serial
Matrix Size: 100 × 100
RMSE vs Serial: 1.05e-01
Accuracy: POOR (RMSE ≥ 1e-3)
═══════════════════════════════════════════════════════════════
Exit code: 0
Extracted time: 0.013602

=== serial (N=100, M=2500, Threads=1, iter=1) ===
Executing Serial Version
Matrix Size: N=100, M=2500
--- Input Matrix (Snippet) ---
  0.1784   0.3997   0.1666   0.2121   0.0619   0.0541   0.2757   0.0478 
  0.2459   0.4850   0.0104   0.8695   0.6495   0.6553   0.0003   0.2781 
  0.9063   0.4440   0.7253   0.1379   0.7956   0.9051   0.0964   0.8206 
  0.2896   0.8828   0.9025   0.7990   0.6499   0.1416   0.2104   0.8247 
  0.6577   0.0369   0.3331   0.8758   0.2217   0.6708   0.6280   0.0000 
  0.0891   0.9237   0.8383   0.8221   0.7560   0.6990   0.3387   0.4892 
  0.7794   0.8132   0.7432   0.9474   0.3793   0.9794   0.6384   0.6187 
  0.0842   0.1832   0.3542   0.9223   0.4774   0.3511   0.6550   0.4676 
---------------------------------------

--- Output Correlation Matrix (Snippet) ---
  1.0000   0.0305  -0.0212   0.0233  -0.0160  -0.0192   0.0017  -0.0016 
  0.0305   1.0000   0.0092   0.0212   0.0022   0.0280  -0.0362  -0.0159 
 -0.0212   0.0092   1.0000  -0.0060   0.0119   0.0228  -0.0218  -0.0016 
  0.0233   0.0212  -0.0060   1.0000  -0.0190  -0.0385  -0.0178   0.0073 
 -0.0160   0.0022   0.0119  -0.0190   1.0000   0.0217   0.0011  -0.0372 
 -0.0192   0.0280   0.0228  -0.0385   0.0217   1.0000  -0.0358  -0.0005 
  0.0017  -0.0362  -0.0218  -0.0178   0.0011  -0.0358   1.0000   0.0276 
 -0.0016  -0.0159  -0.0016   0.0073  -0.0372  -0.0005   0.0276   1.0000 
---------------------------------------

Execution Time: 0.015978 seconds

═══════════════════════════════════════════════════════════════
                    ACCURACY VERIFICATION
═══════════════════════════════════════════════════════════════
Implementation: serial
Matrix Size: 100 × 100
RMSE vs Serial: 1.05e-01
Accuracy: POOR (RMSE ≥ 1e-3)
═══════════════════════════════════════════════════════════════
Exit code: 0
Extracted time: 0.015978

=== serial (N=100, M=2500, Threads=1, iter=2) ===
Executing Serial Version
Matrix Size: N=100, M=2500
--- Input Matrix (Snippet) ---
  0.1784   0.3997   0.1666   0.2121   0.0619   0.0541   0.2757   0.0478 
  0.2459   0.4850   0.0104   0.8695   0.6495   0.6553   0.0003   0.2781 
  0.9063   0.4440   0.7253   0.1379   0.7956   0.9051   0.0964   0.8206 
  0.2896   0.8828   0.9025   0.7990   0.6499   0.1416   0.2104   0.8247 
  0.6577   0.0369   0.3331   0.8758   0.2217   0.6708   0.6280   0.0000 
  0.0891   0.9237   0.8383   0.8221   0.7560   0.6990   0.3387   0.4892 
  0.7794   0.8132   0.7432   0.9474   0.3793   0.9794   0.6384   0.6187 
  0.0842   0.1832   0.3542   0.9223   0.4774   0.3511   0.6550   0.4676 
---------------------------------------

--- Output Correlation Matrix (Snippet) ---
  1.0000   0.0305  -0.0212   0.0233  -0.0160  -0.0192   0.0017  -0.0016 
  0.0305   1.0000   0.0092   0.0212   0.0022   0.0280  -0.0362  -0.0159 
 -0.0212   0.0092   1.0000  -0.0060   0.0119   0.0228  -0.0218  -0.0016 
  0.0233   0.0212  -0.0060   1.0000  -0.0190  -0.0385  -0.0178   0.0073 
 -0.0160   0.0022   0.0119  -0.0190   1.0000   0.0217   0.0011  -0.0372 
 -0.0192   0.0280   0.0228  -0.0385   0.0217   1.0000  -0.0358  -0.0005 
  0.0017  -0.0362  -0.0218  -0.0178   0.0011  -0.0358   1.0000   0.0276 
 -0.0016  -0.0159  -0.0016   0.0073  -0.0372  -0.0005   0.0276   1.0000 
---------------------------------------

Execution Time: 0.017160 seconds

═══════════════════════════════════════════════════════════════
                    ACCURACY VERIFICATION
═══════════════════════════════════════════════════════════════
Implementation: serial
Matrix Size: 100 × 100
RMSE vs Serial: 1.05e-01
Accuracy: POOR (RMSE ≥ 1e-3)
═══════════════════════════════════════════════════════════════
Exit code: 0
Extracted time: 0.017160

=== serial (N=100, M=2500, Threads=1, iter=3) ===
Executing Serial Version
Matrix Size: N=100, M=2500
--- Input Matrix (Snippet) ---
  0.1784   0.3997   0.1666   0.2121   0.0619   0.0541   0.2757   0.0478 
  0.2459   0.4850   0.0104   0.8695   0.6495   0.6553   0.0003   0.2781 
  0.9063   0.4440   0.7253   0.1379   0.7956   0.9051   0.0964   0.8206 
  0.2896   0.8828   0.9025   0.7990   0.6499   0.1416   0.2104   0.8247 
  0.6577   0.0369   0.3331   0.8758   0.2217   0.6708   0.6280   0.0000 
  0.0891   0.9237   0.8383   0.8221   0.7560   0.6990   0.3387   0.4892 
  0.7794   0.8132   0.7432   0.9474   0.3793   0.9794   0.6384   0.6187 
  0.0842   0.1832   0.3542   0.9223   0.4774   0.3511   0.6550   0.4676 
---------------------------------------

--- Output Correlation Matrix (Snippet) ---
  1.0000   0.0305  -0.0212   0.0233  -0.0160  -0.0192   0.0017  -0.0016 
  0.0305   1.0000   0.0092   0.0212   0.0022   0.0280  -0.0362  -0.0159 
 -0.0212   0.0092   1.0000  -0.0060   0.0119   0.0228  -0.0218  -0.0016 
  0.0233   0.0212  -0.0060   1.0000  -0.0190  -0.0385  -0.0178   0.0073 
 -0.0160   0.0022   0.0119  -0.0190   1.0000   0.0217   0.0011  -0.0372 
 -0.0192   0.0280   0.0228  -0.0385   0.0217   1.0000  -0.0358  -0.0005 
  0.0017  -0.0362  -0.0218  -0.0178   0.0011  -0.0358   1.0000   0.0276 
 -0.0016  -0.0159  -0.0016   0.0073  -0.0372  -0.0005   0.0276   1.0000 
---------------------------------------

Execution Time: 0.016644 seconds

═══════════════════════════════════════════════════════════════
                    ACCURACY VERIFICATION
═══════════════════════════════════════════════════════════════
Implementation: serial
Matrix Size: 100 × 100
RMSE vs Serial: 1.05e-01
Accuracy: POOR (RMSE ≥ 1e-3)
═══════════════════════════════════════════════════════════════
Exit code: 0
Extracted time: 0.016644

=== serial (N=100, M=3000, Threads=1, iter=1) ===
Executing Serial Version
Matrix Size: N=100, M=3000
--- Input Matrix (Snippet) ---
  0.1784   0.3997   0.1666   0.2121   0.0619   0.0541   0.2757   0.0478 
  0.6835   0.2185   0.1961   0.0248   0.6727   0.5442   0.9639   0.2818 
  0.1672   0.1685   0.5519   0.6728   0.6104   0.7387   0.7906   0.5769 
  0.4815   0.6118   0.5401   0.8225   0.6975   0.4157   0.2738   0.2554 
  0.9311   0.2895   0.4608   0.4579   0.4643   0.0754   0.2606   0.6549 
  0.7794   0.8132   0.7432   0.9474   0.3793   0.9794   0.6384   0.6187 
  0.1583   0.6916   0.6599   0.6962   0.3418   0.4218   0.2080   0.0566 
  0.5013   0.8661   0.8181   0.8221   0.2707   0.8748   0.9764   0.6529 
---------------------------------------

--- Output Correlation Matrix (Snippet) ---
  1.0000  -0.0079  -0.0189   0.0064  -0.0058   0.0126   0.0067  -0.0029 
 -0.0079   1.0000  -0.0219  -0.0305  -0.0129   0.0147  -0.0086   0.0305 
 -0.0189  -0.0219   1.0000   0.0110   0.0151   0.0069  -0.0076   0.0224 
  0.0064  -0.0305   0.0110   1.0000  -0.0143   0.0036   0.0036  -0.0167 
 -0.0058  -0.0129   0.0151  -0.0143   1.0000   0.0173  -0.0375  -0.0020 
  0.0126   0.0147   0.0069   0.0036   0.0173   1.0000  -0.0245   0.0187 
  0.0067  -0.0086  -0.0076   0.0036  -0.0375  -0.0245   1.0000  -0.0087 
 -0.0029   0.0305   0.0224  -0.0167  -0.0020   0.0187  -0.0087   1.0000 
---------------------------------------

Execution Time: 0.020586 seconds

═══════════════════════════════════════════════════════════════
                    ACCURACY VERIFICATION
═══════════════════════════════════════════════════════════════
Implementation: serial
Matrix Size: 100 × 100
RMSE vs Serial: 1.04e-01
Accuracy: POOR (RMSE ≥ 1e-3)
═══════════════════════════════════════════════════════════════
Exit code: 0
Extracted time: 0.020586

=== serial (N=100, M=3000, Threads=1, iter=2) ===
Executing Serial Version
Matrix Size: N=100, M=3000
--- Input Matrix (Snippet) ---
  0.1784   0.3997   0.1666   0.2121   0.0619   0.0541   0.2757   0.0478 
  0.6835   0.2185   0.1961   0.0248   0.6727   0.5442   0.9639   0.2818 
  0.1672   0.1685   0.5519   0.6728   0.6104   0.7387   0.7906   0.5769 
  0.4815   0.6118   0.5401   0.8225   0.6975   0.4157   0.2738   0.2554 
  0.9311   0.2895   0.4608   0.4579   0.4643   0.0754   0.2606   0.6549 
  0.7794   0.8132   0.7432   0.9474   0.3793   0.9794   0.6384   0.6187 
  0.1583   0.6916   0.6599   0.6962   0.3418   0.4218   0.2080   0.0566 
  0.5013   0.8661   0.8181   0.8221   0.2707   0.8748   0.9764   0.6529 
---------------------------------------

--- Output Correlation Matrix (Snippet) ---
  1.0000  -0.0079  -0.0189   0.0064  -0.0058   0.0126   0.0067  -0.0029 
 -0.0079   1.0000  -0.0219  -0.0305  -0.0129   0.0147  -0.0086   0.0305 
 -0.0189  -0.0219   1.0000   0.0110   0.0151   0.0069  -0.0076   0.0224 
  0.0064  -0.0305   0.0110   1.0000  -0.0143   0.0036   0.0036  -0.0167 
 -0.0058  -0.0129   0.0151  -0.0143   1.0000   0.0173  -0.0375  -0.0020 
  0.0126   0.0147   0.0069   0.0036   0.0173   1.0000  -0.0245   0.0187 
  0.0067  -0.0086  -0.0076   0.0036  -0.0375  -0.0245   1.0000  -0.0087 
 -0.0029   0.0305   0.0224  -0.0167  -0.0020   0.0187  -0.0087   1.0000 
---------------------------------------

Execution Time: 0.020608 seconds

═══════════════════════════════════════════════════════════════
                    ACCURACY VERIFICATION
═══════════════════════════════════════════════════════════════
Implementation: serial
Matrix Size: 100 × 100
RMSE vs Serial: 1.04e-01
Accuracy: POOR (RMSE ≥ 1e-3)
═══════════════════════════════════════════════════════════════
Exit code: 0
Extracted time: 0.020608

=== serial (N=100, M=3000, Threads=1, iter=3) ===
Executing Serial Version
Matrix Size: N=100, M=3000
--- Input Matrix (Snippet) ---
  0.1784   0.3997   0.1666   0.2121   0.0619   0.0541   0.2757   0.0478 
  0.6835   0.2185   0.1961   0.0248   0.6727   0.5442   0.9639   0.2818 
  0.1672   0.1685   0.5519   0.6728   0.6104   0.7387   0.7906   0.5769 
  0.4815   0.6118   0.5401   0.8225   0.6975   0.4157   0.2738   0.2554 
  0.9311   0.2895   0.4608   0.4579   0.4643   0.0754   0.2606   0.6549 
  0.7794   0.8132   0.7432   0.9474   0.3793   0.9794   0.6384   0.6187 
  0.1583   0.6916   0.6599   0.6962   0.3418   0.4218   0.2080   0.0566 
  0.5013   0.8661   0.8181   0.8221   0.2707   0.8748   0.9764   0.6529 
---------------------------------------

--- Output Correlation Matrix (Snippet) ---
  1.0000  -0.0079  -0.0189   0.0064  -0.0058   0.0126   0.0067  -0.0029 
 -0.0079   1.0000  -0.0219  -0.0305  -0.0129   0.0147  -0.0086   0.0305 
 -0.0189  -0.0219   1.0000   0.0110   0.0151   0.0069  -0.0076   0.0224 
  0.0064  -0.0305   0.0110   1.0000  -0.0143   0.0036   0.0036  -0.0167 
 -0.0058  -0.0129   0.0151  -0.0143   1.0000   0.0173  -0.0375  -0.0020 
  0.0126   0.0147   0.0069   0.0036   0.0173   1.0000  -0.0245   0.0187 
  0.0067  -0.0086  -0.0076   0.0036  -0.0375  -0.0245   1.0000  -0.0087 
 -0.0029   0.0305   0.0224  -0.0167  -0.0020   0.0187  -0.0087   1.0000 
---------------------------------------

Execution Time: 0.018844 seconds

═══════════════════════════════════════════════════════════════
                    ACCURACY VERIFICATION
═══════════════════════════════════════════════════════════════
Implementation: serial
Matrix Size: 100 × 100
RMSE vs Serial: 1.04e-01
Accuracy: POOR (RMSE ≥ 1e-3)
═══════════════════════════════════════════════════════════════
Exit code: 0
Extracted time: 0.018844

=== serial (N=200, M=500, Threads=1, iter=1) ===
Executing Serial Version
Matrix Size: N=200, M=500
--- Input Matrix (Snippet) ---
  0.1784   0.3997   0.1666   0.2121   0.0619   0.0541   0.2757   0.0478 
  0.7832   0.1713   0.3731   0.1762   0.4492   0.9714   0.9770   0.4063 
  0.8579   0.2793   0.3497   0.6058   0.0737   0.1928   0.5753   0.2738 
  0.5231   0.4570   0.4980   0.9980   0.9538   0.4599   0.6245   0.8193 
  0.2355   0.3513   0.2187   0.2880   0.0186   0.3609   0.1549   0.3504 
  0.2459   0.4850   0.0104   0.8695   0.6495   0.6553   0.0003   0.2781 
  0.6835   0.2185   0.1961   0.0248   0.6727   0.5442   0.9639   0.2818 
  0.7949   0.9540   0.3739   0.6583   0.6555   0.8941   0.8713   0.9372 
---------------------------------------

--- Output Correlation Matrix (Snippet) ---
  1.0000   0.0256   0.0236  -0.0521   0.0384   0.0583   0.0019  -0.0393 
  0.0256   1.0000  -0.0126  -0.0000   0.0707   0.0208   0.0440  -0.0621 
  0.0236  -0.0126   1.0000  -0.0210  -0.0033   0.0142  -0.0386   0.0410 
 -0.0521  -0.0000  -0.0210   1.0000   0.0182   0.0262  -0.0804  -0.0467 
  0.0384   0.0707  -0.0033   0.0182   1.0000   0.0061  -0.0249  -0.0272 
  0.0583   0.0208   0.0142   0.0262   0.0061   1.0000  -0.1227   0.0816 
  0.0019   0.0440  -0.0386  -0.0804  -0.0249  -0.1227   1.0000   0.0038 
 -0.0393  -0.0621   0.0410  -0.0467  -0.0272   0.0816   0.0038   1.0000 
---------------------------------------

Execution Time: 0.016458 seconds

═══════════════════════════════════════════════════════════════
                    ACCURACY VERIFICATION
═══════════════════════════════════════════════════════════════
Implementation: serial
Matrix Size: 200 × 200
RMSE vs Serial: 8.74e-02
Accuracy: POOR (RMSE ≥ 1e-3)
═══════════════════════════════════════════════════════════════
Exit code: 0
Extracted time: 0.016458

